// Vitest Snapshot v1, https://vitest.dev/guide/snapshot.html

exports[`Components => molecules => Layout > should render the Layout 1`] = `
<DocumentFragment>
  <div
    class="sc-eLqIir dvIhby"
  >
    content
  </div>
</DocumentFragment>
`;
